Ada.Streams located
 dep: ADA
 dep: ADA.IO_EXCEPTIONS
