OK pkg.ads
OK pkg.ali
OK pkg.o
OK p.gpr
Install project P

