$ gprbuild -q -Ptree/agglib.gpr
Ada.Strings.Unbounded not exported, good!
