Messages found:
demo.gpr:8:38: source for interface unit 'toto' not found
