with "a_naming.gpr";
with "switches.gpr";

project A is

   for Source_List_File use "a_source_list.txt";
   for Source_Dirs use (".");
   for Languages use ("Ada");

   package Naming renames A_Naming.Naming;

   package Compiler extends Switches.Compiler is
      for Switches ("Ada") use Compiler'Switches("Ada") & ("-O0");
   end Compiler;

   package CodePeer extends Switches.CodePeer is
      for Database_Directory use "/build/buhrerh/ppp/codepeer/a.db";
   end CodePeer;

end A;

