with "prj_naming.gpr";

project Prj is

   for Source_List_File use "prj_source_list.txt";
   for Source_Dirs use (".");
   for Languages use ("Ada");

   package Naming renames Prj_Naming.Naming;

   package Unknown is
      for Single use "simple";
      Var := ("list");
      for Assoc ("Ada") use Var;
   end Unknown;

end Prj;
project Prj is
end;

gprname returned 4
prj.gpr:2:04: error: Expected Identifier, got ';'
gprname: failed to load project tree

