prj.gpr.saved_0
prj.gpr.saved_0
prj.gpr.saved_0
prj.gpr.saved_1



