PACK-Functions_Test.ada: info: invalid name for unit 'PACK-Functions_Test', should have only alpha numeric characters
PACK
- S_SPEC: pack.ads
- S_BODY: pack.adb
- SEP. FUNCTIONS_TEST: PACK.Functions_TEST.ada
DOT_REPLACEMENT="-"
PACK.Functions_TEST.ada:1:01: warning: invalid file name, contains dot
PACK
- S_SPEC: pack.ads
- S_BODY: pack.adb
- SEP. FUNCTIONS_TEST: PACK-Functions_Test.ada
