Install project Install
gprinstall: error: file does not exist '/support/ada_source_path'
1
