error: invalid runtime directory /tree/empty-rts
kb: warning: can't find a toolchain for the following configuration: language 'Ada', target '(host)', runtime 'missing-rts'
