GPRLS: OK
GPRINSTALL: OK
GPRCLEAN: OK
GPRCONFIG: OK
