================ 1
   Param  := "P1";
   Param2 := "";
================ 2
   Param := "P2";
   Param2 := "P8";
