Can't find ALI file for /main.adb
Can't find ALI file for /files/123456789_123456789_123456789_123456789_123456789_123456789_123456789_123456789_123456789_123456789_123456789_123456789_123456789/src1/test1.ads
Can't find ALI file for /files/123456789_123456789_123456789_123456789_123456789_123456789_123456789_123456789_123456789_123456789_123456789_123456789_123456789/src2/test2.ads
