//// OS set to Linux
A        K_ABSTRACT
A:   Object_Dir -> linux-obj
Demo     K_AGGREGATE
A:   Project_Files -> a.gpr
A        K_ABSTRACT
A:   Object_Dir -> linux-obj
//// OS set to Windows
>>> Changed_Callback for Demo
A        K_ABSTRACT
A:   Object_Dir -> windows-obj
Demo     K_AGGREGATE
A:   Project_Files -> a.gpr
A        K_ABSTRACT
A:   Object_Dir -> windows-obj
