using project file /s.gpr
s.gpr: warning: there are no sources of language "Ada" in this project
