Project: c         K_STANDARD
 compiler
   driver (Ada) -> toto
Project: b         K_STANDARD
 compiler
   driver (Ada) -> toto
Project: a         K_STANDARD
 compiler
   driver (Ada) -> toto
