cp /files/lib/libprj.so.20.0w /inst/lib/prj/libprj.so.20.0w

cp /files/lib/prj.ali /inst/lib/prj/prj.ali

cp /files/src/prj.ads /inst/include/prj/prj.ads

cp /inst/lib/libprj.so.20.0w /inst/lib/libprj.so

cp /inst/lib/libprj.so.20.0w /inst/lib/libprj.so.20

cp /inst/lib/prj/libprj.so.20.0w /inst/lib/libprj.so.20.0w

cp /inst/lib/prj/libprj.so.20.0w /inst/lib/prj/libprj.so

cp /inst/lib/prj/libprj.so.20.0w /inst/lib/prj/libprj.so.20

