Demo     K_STANDARD
   Compiler'Local_Configuration_Pragmas -> /toto
