**************** Iterator Prj1
Prj1     K_STANDARD
 > p1/pck1.adb    language: Ada    Kind: S_BODY   unit: PCK1
 > p1/pck1.ads    language: Ada    Kind: S_SPEC   unit: PCK1
**************** Iterator Prj2
Prj1     K_STANDARD
 > p1/pck1.adb    language: Ada    Kind: S_BODY   unit: PCK1
 > p1/pck1.ads    language: Ada    Kind: S_SPEC   unit: PCK1
Prj2     K_STANDARD
 > p2/pck1.adb    language: Ada    Kind: S_BODY   unit: PCK1
 > p1/pck1.ads    language: Ada    Kind: S_SPEC   unit: PCK1
 > p2/pck2.ads    language: Ada    Kind: S_SPEC   unit: PCK2
