OK counters.adb
OK instrumented counters.adb
OK counters.sid
OK instrumented counters.sid
Reaching end of test :  1

Reaching end of test :  9

