TEST1
/files/objlib/debug/b__lib1.ads
/files/objlib/debug/b__lib1.adb
/files/objlib/debug/.ada_bind_lib1.json
/files/objlib/debug/lib.o
/files/objlib/debug/lib.ali
/files/ali/debug/lib.ali
/files/objlib/debug/.ada_compile_lib.ads.json
/files/objlib/debug/b__lib1.o
/files/objlib/debug/b__lib1.ali
/files/objlib/debug/.ada_post-bind_b__lib1.adb.json
/files/obj/debug/b__main.ads
/files/obj/debug/b__main.adb
/files/obj/debug/.ada_bind_main.json
/files/obj/debug/main.o
/files/obj/debug/main.ali
/files/obj/debug/.ada_compile_main.adb.json
/files/obj/debug/b__main.o
/files/obj/debug/b__main.ali
/files/obj/debug/.ada_post-bind_b__main.adb.json

TEST2
/files/objlib/b__lib2.ads
/files/objlib/b__lib2.adb
/files/objlib/.ada_bind_lib2.json
/files/objlib/lib.o
/files/objlib/lib.ali
/files/lib/lib.ali
/files/objlib/.ada_compile_lib.ads.json
/files/objlib/b__lib2.o
/files/objlib/b__lib2.ali
/files/objlib/.ada_post-bind_b__lib2.adb.json
/files/obj/b__main.ads
/files/obj/b__main.adb
/files/obj/.ada_bind_main.json
/files/obj/main.o
/files/obj/main.ali
/files/obj/.ada_compile_main.adb.json
/files/obj/b__main.o
/files/obj/b__main.ali
/files/obj/.ada_post-bind_b__main.adb.json

