cp /files/src/prj.ads /inst/include/prj/prj.ads

cp /files/lib/prj.ali /inst/lib/prj/prj.ali

cp /files/lib/libprj.so /inst/lib/prj/libprj.so

cp /inst/lib/prj/libprj.so /inst/lib/libprj.so

